// Jest Snapshot v1, https://goo.gl/fbAQLP

exports[`class HelloWorld extends _react.Component {

  constructor(props) {
    super(props);
    this.state = { greeting: 'Hello', language: 'Frenchify' };

    this.toggleLanguage = this.toggleLanguage.bind(this);
    this.removeGreeting = this.removeGreeting.bind(this);
  }
  removeGreeting() {
    this.props.removeGreeting(this.props.name);
  }
  toggleLanguage() {
    console.log(this.state.greeting);
    this.setState(this.state.greeting === 'Hello' ? { greeting: 'Bonjour', language: 'In english' } : { greeting: 'Hello', language: 'Frenchify' });
  }

  render() {
    const { connectDragSource, isDragging } = this.props;
    return (
      _react2.default.createElement('div', { className: 'HelloWorld', __source: { fileName: _jsxFileName, lineNumber: 34 }, __self: this },
        this.state.greeting, ' ', this.props.name,
        _react2.default.createElement('br', { __source: { fileName: _jsxFileName, lineNumber: 36 }, __self: this }),

        _react2.default.createElement('button', { className: 'frenchify', onClick: this.toggleLanguage, __source: { fileName: _jsxFileName, lineNumber: 38 }, __self: this }, this.state.language),
        _react2.default.createElement('button', { className: 'remove', onClick: this.removeGreeting, __source: { fileName: _jsxFileName, lineNumber: 39 }, __self: this }, 'Remove me!')));



  }} renders and matches our snapshot 1`] = `
<div
  className="HelloWorld"
>
  Hello
   
  Person
  <br />
  <button
    className="frenchify"
    onClick={[Function]}
  >
    Frenchify
  </button>
  <button
    className="remove"
    onClick={[Function]}
  >
    Remove me!
  </button>
</div>
`;
